---
source: zellij-utils/src/session_serialization.rs
expression: kdl.0
---
layout {
    tab name="Tab with \"tiled panes\"" {
        pane size=10
        pane cwd="/tmp/\"my/cool cwd" size=10
        pane edit="/tmp/\"my/cool cwd/my-file" size=10
        pane command="/tmp/\"my/cool cwd/command.sh" size=10 {
            start_suspended true
        }
        pane command="/tmp/\"my/cool cwd/command.sh" size=10 {
            args "--arg1" "arg\"2" "arg > \\3"
            start_suspended true
        }
        pane size=10
        pane size=10
        pane size=10 borderless=true
        pane name="my cool \\ \"pane_title\"" focus=true contents_file="initial_contents_1" size=10
    }
}

